// Jest Snapshot v1, https://goo.gl/fbAQLP

exports[`Tests in <FirstApp /> Should must match with the snapshot 1`] = `
<div>
  <h1
    data-testid="test-title"
  >
    Hello, I am a title
  </h1>
  <p>
    No hay subtítulo
  </p>
  <p>
    No hay subtítulo
  </p>
  <p>
    Arian Angoma
  </p>
</div>
`;
